<?xml version="1.0" encoding="utf-8"?><testsuites><testsuite name="pytest" errors="0" failures="0" skipped="0" tests="9" time="166.283" timestamp="2026-03-13T13:35:53.515771" hostname="LAPTOP-9NAF08ES"><testcase classname="tests.test_access_control" name="test_admin_users_page_access" time="43.066" /><testcase classname="tests.test_browser_interactions" name="test_alerts_handling" time="41.573" /><testcase classname="tests.test_auth" name="test_valid_admin_login" time="34.679" /><testcase classname="tests.test_auth" name="test_valid_user_login" time="33.385" /><testcase classname="tests.test_browser_interactions" name="test_frames_and_windows" time="36.955" /><testcase classname="tests.test_access_control" name="test_non_admin_access_restriction" time="33.880" /><testcase classname="tests.test_dashboard" name="test_dashboard_role_visible" time="40.471" /><testcase classname="tests.test_projects_tasks" name="test_project_creation_flow" time="31.692" /><testcase classname="tests.test_projects_tasks" name="test_task_status_update" time="39.579" /></testsuite></testsuites>